// Jest Snapshot v1, https://goo.gl/fbAQLP

exports[`AlbumComponent renders photo album correctly 1`] = `
<div
  className="album"
>
  <Photo
    albumId={1}
    id={1}
    key="0"
    thumbnailUrl="https://via.placeholder.com/150/92c952"
    title="accusamus beatae ad facilis cum similique qui sunt"
    url="https://via.placeholder.com/600/92c952"
  />
  <Photo
    albumId={1}
    id={2}
    key="1"
    thumbnailUrl="https://via.placeholder.com/150/771796"
    title="reprehenderit est deserunt velit ipsam"
    url="https://via.placeholder.com/600/771796"
  />
  <Photo
    albumId={1}
    id={3}
    key="2"
    thumbnailUrl="https://via.placeholder.com/150/24f355"
    title="officia porro iure quia iusto qui ipsa ut modi"
    url="https://via.placeholder.com/600/24f355"
  />
</div>
`;
